app/api/wvs/route.ts(78,49): error TS2345: Argument of type '{ watcherCount: any; daysActive: any; itemPrice: any; categoryMedianPrice: any; similarListingsCount: any; }' is not assignable to parameter of type 'WVSInput'.
  Property 'bidCount' is missing in type '{ watcherCount: any; daysActive: any; itemPrice: any; categoryMedianPrice: any; similarListingsCount: any; }' but required in type 'WVSInput'.
app/pricing/page.tsx(15,19): error TS2304: Cannot find name 'Eye'.
app/pricing/page.tsx(32,19): error TS2304: Cannot find name 'Palette'.
app/studio/coa-generator/page.tsx(6,20): error TS7016: Could not find a declaration file for module 'qrcode'. 'C:/Users/RAY/.gemini/antigravity/scratch/artintel/node_modules/qrcode/lib/index.js' implicitly has an 'any' type.
  Try `npm i --save-dev @types/qrcode` if it exists or add a new declaration (.d.ts) file containing `declare module 'qrcode';`
services/output/insight-exporter.ts(1,34): error TS2307: Cannot find module '../ai/production-advisor' or its corresponding type declarations.
services/scraper/ebay-pulse-scraper.ts(103,84): error TS1501: This regular expression flag is only available when targeting 'es2018' or later.
services/scraper/ebay-pulse-scraper.ts(123,103): error TS1501: This regular expression flag is only available when targeting 'es2018' or later.
services/scraper/ebay-pulse-scraper.ts(135,105): error TS1501: This regular expression flag is only available when targeting 'es2018' or later.
