[dotenv@17.2.3] injecting env (10) from .env.local -- tip: ΓÜÖ∩╕Å  suppress all logs with { quiet: true }
≡ƒÜÇ Final eBay Data Loading Test
ΓòÉΓòÉΓòÉΓòÉΓòÉΓòÉΓòÉΓòÉΓòÉΓòÉΓòÉΓòÉΓòÉΓòÉΓòÉΓòÉΓòÉΓòÉΓòÉΓòÉΓòÉΓòÉΓòÉΓòÉΓòÉΓòÉΓòÉΓòÉΓòÉΓòÉΓòÉΓòÉΓòÉΓòÉΓòÉΓòÉΓòÉΓòÉΓòÉΓòÉΓòÉΓòÉΓòÉΓòÉΓòÉΓòÉΓòÉΓòÉΓòÉΓòÉΓòÉΓòÉΓòÉΓòÉΓòÉΓòÉΓòÉΓòÉΓòÉΓòÉΓòÉΓòÉΓòÉ
≡ƒöæ Token obtained successfully
Γ£à API Status: undefined
≡ƒôè Items Found: 0
ΓÜá∩╕Å No items found. (This is normal if none sold recently for this keyword)
